// Jest Snapshot v1, https://goo.gl/fbAQLP

exports[`Pruebas en <FirstApp /> Debe de hacer match con el snapshot 1`] = `
<div>
  <h1>
    Titulo
  </h1>
  <h1>
    Hola: Irwin
  </h1>
  <p>
    124
  </p>
  <p>
    Irwin
  </p>
</div>
`;
